* _pp.ob
MODULE aname;

    VAR
        i : INTEGER;

END i.
* errors
src/org/kiama/example/oberon0/L0/tests/nonmoduleasmodulename.ob:6:5: end module name 'i' should be 'aname'
END i.
    ^
