src/org/bitbucket/inkytonik/kiama/example/obr/tests/enum/semantic/enumerr1.obr:7:5: CarColour is declared more than once
    CarColour : (Red, Blue, Green);
    ^
src/org/bitbucket/inkytonik/kiama/example/obr/tests/enum/semantic/enumerr1.obr:8:5: CarColour is declared more than once
    CarColour: (Monday, Tuesday, Wednesday, Thursday, Friday);
    ^
src/org/bitbucket/inkytonik/kiama/example/obr/tests/enum/semantic/enumerr1.obr:11:5: Bob is declared more than once
    Bob : INTEGER;
    ^
src/org/bitbucket/inkytonik/kiama/example/obr/tests/enum/semantic/enumerr1.obr:12:5: Bob is declared more than once
    Bob : (Harold, Eugene);
    ^
src/org/bitbucket/inkytonik/kiama/example/obr/tests/enum/semantic/enumerr1.obr:15:15: January is declared more than once
    Months : (January, February, March, January, April);
              ^
src/org/bitbucket/inkytonik/kiama/example/obr/tests/enum/semantic/enumerr1.obr:15:41: January is declared more than once
    Months : (January, February, March, January, April);
                                        ^
src/org/bitbucket/inkytonik/kiama/example/obr/tests/enum/semantic/enumerr1.obr:18:37: Ford is declared more than once
    AusssieBrands : (Mazda, Toyota, Ford, Holden);
                                    ^
src/org/bitbucket/inkytonik/kiama/example/obr/tests/enum/semantic/enumerr1.obr:19:29: Ford is declared more than once
    CoolBrands : (Mercedes, Ford, Volkswagen);
                            ^
