Program(Vector(),Vector(),BinExpR(Var(sum),#,BinExpR(Num(2),&,BinExpR(Num(3),^,Factor(Var(count))))))
BinExp(BinExp(BinExp(Var(sum),#,Num(2)),&,Num(3)),^,Var(count))
src/org/kiama/example/transform/tests/test4.exp:1:1: sum is not declared
sum # 2 & 3 ^ count
^
src/org/kiama/example/transform/tests/test4.exp:1:15: count is not declared
sum # 2 & 3 ^ count
              ^
