src/org/kiama/example/transform/tests/test7.exp:1:5: string matching regex `[a-zA-Z]+' expected but `+' found
x + +
    ^
