* _pp.ob
MODULE aname;
END anothername.
* errors
src/test/scala/org/bitbucket/inkytonik/kiama/example/oberon0/L0/tests/wrongmodulename.ob:3:5: end module name 'anothername' should be 'aname'
END anothername.
    ^
