src/org/bitbucket/inkytonik/kiama/example/obr/tests/enum/parser/enumerr3a.obr:6:18: ')' expected but 'b' found
    x : ( harold bob );
                 ^
