* errors
src/org/kiama/example/oberon0/base/tests/keywordasname.ob:1:8: ident expected
MODULE END;
       ^
