* _pp.ob
MODULE arrayname;

    TYPE
        atype1 = ARRAY 10 OF atype0;
        atype2 = ARRAY 3 * aconst OF INTEGER;

END arrayname.
* errors
src/org/kiama/example/oberon0/L4/tests/arrayname.ob:4:26: atype0 is not declared
    atype1 = ARRAY 10 OF atype0;
                         ^
src/org/kiama/example/oberon0/L4/tests/arrayname.ob:5:24: aconst is not declared
    atype2 = ARRAY 3 * aconst OF INTEGER;
                       ^
