src/org/kiama/example/obr/tests/exceptions/parser/exerr4a.obr:14:1: keyword "DO" found where variable name expected
END ExErr4a.
^
