* _pp.ob
MODULE forname;

BEGIN
    FOR avar1 := 1 TO 2 DO
        
    END;
    FOR avar1 := 5 TO 6 DO
        avar2 := 7
    END;
    FOR avar1 := avar2 * 3 TO 5 - avar2 DO
        avar2 := avar1 MOD 8;
        avar3 := avar2 DIV 9
    END;
    FOR avar1 := avar2 TO avar2 + 3 BY 2 DO
        avar2 := avar2 + 1
    END;
    FOR avar1 := avar2 TO avar2 DIV 2 BY -avar3 DO
        avar2 := avar2 * 10
    END
END forname.
* errors
src/org/kiama/example/oberon0/L2/tests/forname.ob:4:9: avar1 is not declared
    FOR avar1 := 1 TO 2 DO
        ^
src/org/kiama/example/oberon0/L2/tests/forname.ob:7:9: avar1 is not declared
    FOR avar1 := 5 TO 6 DO
        ^
src/org/kiama/example/oberon0/L2/tests/forname.ob:8:9: avar2 is not declared
        avar2 := 7
        ^
src/org/kiama/example/oberon0/L2/tests/forname.ob:11:9: avar1 is not declared
    FOR avar1 := avar2 * 3 TO 5 - avar2 DO
        ^
src/org/kiama/example/oberon0/L2/tests/forname.ob:11:18: avar2 is not declared
    FOR avar1 := avar2 * 3 TO 5 - avar2 DO
                 ^
src/org/kiama/example/oberon0/L2/tests/forname.ob:11:35: avar2 is not declared
    FOR avar1 := avar2 * 3 TO 5 - avar2 DO
                                  ^
src/org/kiama/example/oberon0/L2/tests/forname.ob:12:9: avar2 is not declared
        avar2 := avar1 MOD 8;
        ^
src/org/kiama/example/oberon0/L2/tests/forname.ob:12:18: avar1 is not declared
        avar2 := avar1 MOD 8;
                 ^
src/org/kiama/example/oberon0/L2/tests/forname.ob:13:9: avar3 is not declared
        avar3 := avar2 DIV 9
        ^
src/org/kiama/example/oberon0/L2/tests/forname.ob:13:18: avar2 is not declared
        avar3 := avar2 DIV 9
                 ^
src/org/kiama/example/oberon0/L2/tests/forname.ob:16:9: avar1 is not declared
    FOR avar1 := avar2 TO avar2 + 3 BY 2 DO
        ^
src/org/kiama/example/oberon0/L2/tests/forname.ob:16:18: avar2 is not declared
    FOR avar1 := avar2 TO avar2 + 3 BY 2 DO
                 ^
src/org/kiama/example/oberon0/L2/tests/forname.ob:16:27: avar2 is not declared
    FOR avar1 := avar2 TO avar2 + 3 BY 2 DO
                          ^
src/org/kiama/example/oberon0/L2/tests/forname.ob:17:9: avar2 is not declared
        avar2 := avar2 + 1
        ^
src/org/kiama/example/oberon0/L2/tests/forname.ob:17:18: avar2 is not declared
        avar2 := avar2 + 1
                 ^
src/org/kiama/example/oberon0/L2/tests/forname.ob:20:9: avar1 is not declared
    FOR avar1 := avar2 TO avar2 DIV 2 BY -avar3 DO
        ^
src/org/kiama/example/oberon0/L2/tests/forname.ob:20:18: avar2 is not declared
    FOR avar1 := avar2 TO avar2 DIV 2 BY -avar3 DO
                 ^
src/org/kiama/example/oberon0/L2/tests/forname.ob:20:27: avar2 is not declared
    FOR avar1 := avar2 TO avar2 DIV 2 BY -avar3 DO
                          ^
src/org/kiama/example/oberon0/L2/tests/forname.ob:20:43: avar3 is not declared
    FOR avar1 := avar2 TO avar2 DIV 2 BY -avar3 DO
                                          ^
src/org/kiama/example/oberon0/L2/tests/forname.ob:21:9: avar2 is not declared
        avar2 := avar2 * 10
        ^
src/org/kiama/example/oberon0/L2/tests/forname.ob:21:18: avar2 is not declared
        avar2 := avar2 * 10
                 ^
