src/org/bitbucket/inkytonik/kiama/example/obr/tests/exceptions/semantic/excerr1.obr:7:5: FallOverALot is declared more than once
    FallOverALot : EXCEPTION;
    ^
src/org/bitbucket/inkytonik/kiama/example/obr/tests/exceptions/semantic/excerr1.obr:8:5: FallOverALot is declared more than once
    FallOverALot : EXCEPTION;
    ^
src/org/bitbucket/inkytonik/kiama/example/obr/tests/exceptions/semantic/excerr1.obr:11:5: Bob is declared more than once
    Bob : EXCEPTION;
    ^
src/org/bitbucket/inkytonik/kiama/example/obr/tests/exceptions/semantic/excerr1.obr:14:5: DivideByZero is declared more than once
    DivideByZero : EXCEPTION;
    ^
src/org/bitbucket/inkytonik/kiama/example/obr/tests/exceptions/semantic/excerr1.obr:17:5: Bob is declared more than once
    Bob : INTEGER;
    ^
